2020-06-08 16:04:58,233 - root - INFO - ===setup==== - [RunTestCase.py:14]
2020-06-08 16:04:58,233 - root - INFO - run APP - [appium_config.py:27]
2020-06-08 16:05:24,504 - root - INFO - test start - [RunTestCase.py:17]
2020-06-08 16:05:27,402 - root - INFO - ===tearDown==== - [RunTestCase.py:38]
2020-06-08 16:40:45,585 - root - INFO - ===setup==== - [RunTestCase.py:14]
2020-06-08 16:40:45,586 - root - INFO - run APP - [appium_config.py:27]
2020-06-08 16:41:11,167 - root - INFO - test start - [RunTestCase.py:17]
2020-06-08 16:41:13,718 - root - INFO - ===tearDown==== - [RunTestCase.py:39]
2020-06-08 18:29:48,877 - root - INFO - ===setup==== - [RunTestCase.py:14]
2020-06-08 18:29:48,878 - root - INFO - run APP - [appium_config.py:26]
2020-06-08 18:30:31,655 - root - INFO - test start - [RunTestCase.py:17]
2020-06-08 18:30:44,019 - root - INFO - ===tearDown==== - [RunTestCase.py:38]
2020-06-08 18:57:05,843 - root - INFO - ===setup==== - [RunTestCase.py:14]
2020-06-08 18:57:05,845 - root - INFO - run APP - [appium_config.py:26]
2020-06-08 18:57:49,241 - root - INFO - test start - [RunTestCase.py:17]
2020-06-08 18:58:01,649 - root - INFO - ===tearDown==== - [RunTestCase.py:38]
2020-06-09 14:49:53,724 - root - INFO - ===setup==== - [RunTestCase.py:14]
2020-06-09 14:49:53,725 - root - INFO - run APP - [appium_config.py:26]
2020-06-09 14:50:36,563 - root - INFO - test start - [RunTestCase.py:17]
2020-06-09 14:50:50,166 - root - INFO - ===tearDown==== - [RunTestCase.py:38]
2020-06-09 15:03:01,619 - root - INFO - ===setup==== - [RunTestCase.py:14]
2020-06-09 15:03:01,620 - root - INFO - run APP - [appium_config.py:26]
2020-06-09 15:03:44,040 - root - INFO - test start - [RunTestCase.py:17]
2020-06-09 15:03:56,375 - root - INFO - ===tearDown==== - [RunTestCase.py:38]
2020-06-09 17:31:32,034 - root - INFO - ===setup==== - [RunTestCase.py:14]
2020-06-09 17:31:32,034 - root - INFO - run APP - [appium_config.py:26]
2020-06-09 17:40:08,014 - root - INFO - ===setup==== - [RunTestCase.py:14]
2020-06-09 17:40:08,015 - root - INFO - run APP - [appium_config.py:26]
2020-06-09 17:40:44,883 - root - INFO - test start - [RunTestCase.py:17]
2020-06-09 17:41:14,968 - root - INFO - now find is  - [RunTestCase.py:26]
2020-06-09 17:42:23,157 - root - INFO - ===tearDown==== - [RunTestCase.py:38]
2020-06-16 15:34:03,182 - root - INFO - ===setup==== - [RunTestCase.py:14]
2020-06-16 15:34:03,182 - root - INFO - run APP - [appium_config.py:26]
2020-06-16 15:35:01,800 - root - INFO - test start - [RunTestCase.py:17]
2020-06-16 15:35:21,932 - root - INFO - now find is  - [RunTestCase.py:26]
2020-06-16 15:36:30,090 - root - INFO - ===tearDown==== - [RunTestCase.py:38]
2020-06-16 17:17:02,877 - root - INFO - ===setup==== - [RunTestCase.py:14]
2020-06-16 17:17:02,877 - root - INFO - run APP - [appium_config.py:26]
2020-06-16 17:17:51,289 - root - INFO - test start - [RunTestCase.py:17]
2020-06-16 17:18:00,982 - root - INFO - now find is  - [RunTestCase.py:26]
2020-06-16 17:18:59,184 - root - INFO - ===tearDown==== - [RunTestCase.py:39]
2020-06-16 17:58:10,183 - root - INFO - ===setup==== - [RunTestCase.py:14]
2020-06-16 17:58:10,184 - root - INFO - run APP - [appium_config.py:26]
2020-06-16 17:58:28,034 - root - INFO - ===setup==== - [RunTestCase.py:14]
2020-06-16 17:58:28,034 - root - INFO - run APP - [appium_config.py:26]
2020-06-16 17:59:58,562 - root - INFO - ===setup==== - [RunTestCase.py:14]
2020-06-16 17:59:58,562 - root - INFO - run APP - [appium_config.py:26]
2020-06-16 18:00:49,088 - root - INFO - test start - [RunTestCase.py:17]
2020-06-16 18:00:59,203 - root - INFO - now find is  - [RunTestCase.py:26]
2020-06-16 18:01:14,774 - root - INFO - ===tearDown==== - [RunTestCase.py:41]
2020-06-16 18:04:25,346 - root - INFO - ===setup==== - [RunTestCase.py:14]
2020-06-16 18:04:25,346 - root - INFO - run APP - [appium_config.py:26]
2020-06-16 18:05:27,418 - root - INFO - ===setup==== - [RunTestCase.py:14]
2020-06-16 18:05:27,418 - root - INFO - run APP - [appium_config.py:26]
2020-06-16 18:06:23,241 - root - INFO - test start - [RunTestCase.py:17]
2020-06-16 18:06:32,624 - root - INFO - ===tearDown==== - [RunTestCase.py:41]
2020-06-16 18:10:24,913 - root - INFO - ===setup==== - [RunTestCase.py:14]
2020-06-16 18:10:24,914 - root - INFO - run APP - [appium_config.py:26]
2020-06-16 18:11:19,813 - root - INFO - test start - [RunTestCase.py:17]
2020-06-16 18:11:39,208 - root - INFO - now find is  - [RunTestCase.py:26]
2020-06-16 18:12:06,745 - root - INFO - ===tearDown==== - [RunTestCase.py:41]
